{
    "pages": {
        "login": {
            "url": "login",
            "name": "login"
        },
        "logout": {
            "url": "logout",
            "name": "logout"
        },
        "index": {
            "url": "",
            "name": "index",
            "show_in_index": false,
            "verbose_name": "test Project"
        }
    },
    "site_title": "test Project",
    "router": {
        "base_url": ""
    },
    "store": {
        "service": "",
        "defaults": {
            "format": "json"
        }
    },
    "material": {
        "theme": {
            "primary": "#7500ae",
            "secondary": "#0088bd"
        }
    },
    "map": {
        "bounds": [
            [
                -180,
                -70
            ],
            [
                180,
                70
            ]
        ]
    },
    "debug": true
}
